03:04:37 **** Auto Build of configuration Debug for project HelloWorld ****
make pre-build main-build 
a9-linaro-pre-build-step
 
Building file: ../src/helloworld.c
Invoking: ARM v7 gcc compiler
arm-none-eabi-gcc -Wall -O0 -g3 -c -fmessage-length=0 -MT"src/helloworld.o" -mcpu=cortex-a9 -mfpu=vfpv3 -mfloat-abi=hard -I../../HelloWorld_bsp/ps7_cortexa9_0/include -MMD -MP -MF"src/helloworld.d" -MT"src/helloworld.o" -o "src/helloworld.o" "../src/helloworld.c"
../src/helloworld.c: In function 'main':
../src/helloworld.c:155:8: warning: implicit declaration of function 'exit' [-Wimplicit-function-declaration]
        exit(-1);
        ^~~~
../src/helloworld.c:155:8: warning: incompatible implicit declaration of built-in function 'exit'
../src/helloworld.c:155:8: note: include '<stdlib.h>' or provide a declaration of 'exit'
../src/helloworld.c:161:8: warning: incompatible implicit declaration of built-in function 'exit'
        exit(-1);
        ^~~~
../src/helloworld.c:161:8: note: include '<stdlib.h>' or provide a declaration of 'exit'
../src/helloworld.c:200:20: warning: format '%u' expects argument of type 'unsigned int', but argument 3 has type 'u32 {aka long unsigned int}' [-Wformat=]
      printf("%d===%u\n\r",i,Xil_In32(0x10000000+(i*8)));
                   ~^        ~~~~~~~~~~~~~~~~~~~~~~~~~~
                   %lu
../src/helloworld.c:187:9: warning: variable 'ans0' set but not used [-Wunused-but-set-variable]
     u32 ans0,ans1;
         ^~~~
Finished building: ../src/helloworld.c
 
Building file: ../src/platform.c
Invoking: ARM v7 gcc compiler
arm-none-eabi-gcc -Wall -O0 -g3 -c -fmessage-length=0 -MT"src/platform.o" -mcpu=cortex-a9 -mfpu=vfpv3 -mfloat-abi=hard -I../../HelloWorld_bsp/ps7_cortexa9_0/include -MMD -MP -MF"src/platform.d" -MT"src/platform.o" -o "src/platform.o" "../src/platform.c"
Finished building: ../src/platform.c
 
Building target: HelloWorld.elf
Invoking: ARM v7 gcc linker
arm-none-eabi-gcc -mcpu=cortex-a9 -mfpu=vfpv3 -mfloat-abi=hard -Wl,-build-id=none -specs=Xilinx.spec -Wl,-T -Wl,../src/lscript.ld -L../../HelloWorld_bsp/ps7_cortexa9_0/lib -o "HelloWorld.elf"  ./src/helloworld.o ./src/platform.o   -Wl,--start-group,-lxil,-lgcc,-lc,--end-group
Finished building target: HelloWorld.elf
 
Invoking: ARM v7 Print Size
arm-none-eabi-size HelloWorld.elf  |tee "HelloWorld.elf.size"
   text	   data	    bss	    dec	    hex	filename
  78504	   4164	  23376	 106044	  19e3c	HelloWorld.elf
Finished building: HelloWorld.elf.size
 

03:04:37 Build Finished (took 473ms)

